// Jest Snapshot v1, https://goo.gl/fbAQLP

exports[`loads and displays header 1`] = `
<div>
  <header
    className="px-2 border-b w-full max-w-7xl mx-auto py-4 flex items-center justify-between"
  >
    <a
      href="/"
    >
      <div
        className="flex items-center space-x-2 hover:text-blue-600"
      >
        <svg
          className="h-6 w-6"
          fill="none"
          stroke="currentColor"
          viewBox="0 0 24 24"
          xmlns="http://www.w3.org/2000/svg"
        >
          <path
            d="M21 15.546c-.523 0-1.046.151-1.5.454a2.704 2.704 0 01-3 0 2.704 2.704 0 00-3 0 2.704 2.704 0 01-3 0 2.704 2.704 0 00-3 0 2.704 2.704 0 01-3 0 2.701 2.701 0 00-1.5-.454M9 6v2m3-2v2m3-2v2M9 3h.01M12 3h.01M15 3h.01M21 21v-7a2 2 0 00-2-2H5a2 2 0 00-2 2v7h18zm-3-9v-2a2 2 0 00-2-2H8a2 2 0 00-2 2v2h12z"
            strokeLinecap="round"
            strokeLinejoin="round"
            strokeWidth={2}
          />
        </svg>
        <p
          className="font-bold text-2xl"
        >
          Site Header
        </p>
      </div>
    </a>
    <div
      id="StaticQuery"
    />
  </header>
  <main
    className="px-2"
  />
  <footer
    className="px-2 border-t w-full max-w-5xl mx-auto py-4"
  >
    <div
      className="flex justify-between w-full"
    >
      <div
        className="flex items-center space-x-2"
      >
        <svg
          className="h-5 w-5"
          fill="none"
          stroke="currentColor"
          viewBox="0 0 24 24"
          xmlns="http://www.w3.org/2000/svg"
        >
          <path
            d="M17.657 16.657L13.414 20.9a1.998 1.998 0 01-2.827 0l-4.244-4.243a8 8 0 1111.314 0z"
            strokeLinecap="round"
            strokeLinejoin="round"
            strokeWidth={2}
          />
          <path
            d="M15 11a3 3 0 11-6 0 3 3 0 016 0z"
            strokeLinecap="round"
            strokeLinejoin="round"
            strokeWidth={2}
          />
        </svg>
        <p>
          London, UK
        </p>
        <svg
          className="h-5 w-5"
          fill="none"
          stroke="currentColor"
          viewBox="0 0 24 24"
          xmlns="http://www.w3.org/2000/svg"
        >
          <path
            d="M6 5c7.18 0 13 5.82 13 13M6 11a7 7 0 017 7m-6 0a1 1 0 11-2 0 1 1 0 012 0z"
            strokeLinecap="round"
            strokeLinejoin="round"
            strokeWidth={2}
          />
        </svg>
      </div>
      <div
        className="flex items-center"
      >
        <p>
          cs kim
        </p>
      </div>
    </div>
  </footer>
</div>
`;
