// Jest Snapshot v1, https://goo.gl/fbAQLP

exports[`Correctly Adds Meta Tags to Header 1`] = `"<meta data-rh=\\"true\\" name=\\"description\\" content=\\"A starter blog demonstrating what Gatsby can do.\\"/><meta data-rh=\\"true\\" name=\\"twitter:card\\" content=\\"summary_large_image\\"/><meta data-rh=\\"true\\" name=\\"twitter:creator\\" content=\\"@chomskim\\"/><meta data-rh=\\"true\\" name=\\"twitter:title\\" content=\\"Elevating React with Gatsby\\"/><meta data-rh=\\"true\\" name=\\"twitter:description\\" content=\\"A starter blog demonstrating what Gatsby can do.\\"/><meta data-rh=\\"true\\" name=\\"twitter:image\\" content=\\"your-image-url.com\\"/><meta data-rh=\\"true\\" property=\\"og:title\\" content=\\"Elevating React with Gatsby\\"/><meta data-rh=\\"true\\" property=\\"og:description\\" content=\\"A starter blog demonstrating what Gatsby can do.\\"/><meta data-rh=\\"true\\" property=\\"og:type\\" content=\\"website\\"/><meta data-rh=\\"true\\" property=\\"og:image\\" content=\\"your-image-url.com\\"/>"`;
